[   16931ms] [INFO] %cDownload the React DevTools for a better development experience: https://reactjs.org/link/react-devtools font-weight:bold @ http://localhost:3000/node_modules/.vite/deps/chunk-NUMECXU6.js?v=64beea69:21550
[   17023ms] [WARNING] WebSocket connection to 'ws://localhost:3000/socket.io/?EIO=4&transport=websocket' failed: WebSocket is closed before the connection is established. @ http://localhost:3000/node_modules/.vite/deps/socket__io-client.js?v=64beea69:1499
[   67233ms] [VERBOSE] [DOM] Input elements should have autocomplete attributes (suggested: "current-password"): (More info: https://goo.gl/9p2vKq) %o @ http://localhost:3000/#/admin:0
[  541009ms] [INFO] %cDownload the React DevTools for a better development experience: https://reactjs.org/link/react-devtools font-weight:bold @ http://localhost:3000/node_modules/.vite/deps/chunk-NUMECXU6.js?v=64beea69:21550
[  541127ms] [ERROR] Warning: React has detected a change in the order of Hooks called by %s. This will lead to bugs and errors if not fixed. For more information, read the Rules of Hooks: https://reactjs.org/link/rules-of-hooks

   Previous render            Next render
   ------------------------------------------------------
%s   ^^^^^^^^^^^^^^^^^^^^^^^^^^^^^^^^^^^^^^^^^^^^^^^^^^^^^^
%s App 1. useState                   useState
2. useState                   useState
3. useState                   useState
4. useState                   useState
5. useState                   useState
6. useState                   useState
7. useRef                     useRef
8. useEffect                  useEffect
9. useCallback                useCallback
10. useCallback               useCallback
11. useEffect                 useEffect
12. useState                  useState
13. useState                  useState
14. useCallback               useCallback
15. useMemo                   useMemo
16. useState                  useState
17. useRef                    useRef
18. useCallback               useCallback
19. useCallback               useCallback
20. useCallback               useCallback
21. useCallback               useCallback
22. useState                  useState
23. useState                  useState
24. useState                  useState
25. useState                  useState
26. useState                  useState
27. useState                  useState
28. useState                  useState
29. useState                  useState
30. useState                  useState
31. useState                  useState
32. useState                  useState
33. useState                  useState
34. useState                  useState
35. useState                  useState
36. useState                  useState
37. useState                  useState
38. useState                  useState
39. useState                  useState
40. useState                  useState
41. useState                  useState
42. useState                  useState
43. useState                  useState
44. useState                  useState
45. useState                  useState
46. useState                  useState
47. useState                  useState
48. useMemo                   useMemo
49. useRef                    useRef
50. useRef                    useRef
51. useRef                    useRef
52. useRef                    useRef
53. useRef                    useRef
54. useRef                    useRef
55. useRef                    useRef
56. useCallback               useCallback
57. useEffect                 useEffect
58. useEffect                 useEffect
59. useEffect                 useEffect
60. useEffect                 useEffect
61. useEffect                 useEffect
62. useEffect                 useEffect
63. useEffect                 useEffect
64. useEffect                 useEffect
65. useEffect                 useEffect
66. useEffect                 useEffect
67. useCallback               useCallback
68. useCallback               useCallback
69. useCallback               useCallback
70. useCallback               useCallback
71. useCallback               useCallback
72. useCallback               useCallback
73. useCallback               useCallback
74. useEffect                 useEffect
75. useEffect                 useEffect
76. useEffect                 useEffect
77. useCallback               useCallback
78. useCallback               useCallback
79. useCallback               useCallback
80. useCallback               useCallback
81. useCallback               useCallback
82. useCallback               useCallback
83. useCallback               useCallback
84. useCallback               useCallback
85. useCallback               useCallback
86. useCallback               useCallback
87. useState                  useState
88. useCallback               useCallback
89. useCallback               useCallback
90. useCallback               useCallback
91. useCallback               useCallback
92. useEffect                 useEffect
93. useEffect                 useEffect
94. useEffect                 useEffect
95. useEffect                 useEffect
96. undefined                 useCallback
 
    at App (http://localhost:3000/src/App.jsx?t=1785268260271:74:16)
    at ErrorBoundary (http://localhost:3000/src/main.jsx?t=1785268260271:12:5) @ http://localhost:3000/node_modules/.vite/deps/chunk-NUMECXU6.js?v=64beea69:520
[  541129ms] Error: Rendered more hooks than during the previous render.
    at updateWorkInProgressHook (http://localhost:3000/node_modules/.vite/deps/chunk-NUMECXU6.js?v=64beea69:11678:21)
    at updateCallback (http://localhost:3000/node_modules/.vite/deps/chunk-NUMECXU6.js?v=64beea69:12177:22)
    at Object.useCallback (http://localhost:3000/node_modules/.vite/deps/chunk-NUMECXU6.js?v=64beea69:12693:22)
    at useCallback (http://localhost:3000/node_modules/.vite/deps/chunk-RLJ2RCJQ.js?v=64beea69:1090:29)
    at App (http://localhost:3000/src/App.jsx?t=1785268260271:583:20)
    at renderWithHooks (http://localhost:3000/node_modules/.vite/deps/chunk-NUMECXU6.js?v=64beea69:11548:26)
    at updateFunctionComponent (http://localhost:3000/node_modules/.vite/deps/chunk-NUMECXU6.js?v=64beea69:14582:28)
    at beginWork (http://localhost:3000/node_modules/.vite/deps/chunk-NUMECXU6.js?v=64beea69:15924:22)
    at HTMLUnknownElement.callCallback2 (http://localhost:3000/node_modules/.vite/deps/chunk-NUMECXU6.js?v=64beea69:3674:22)
    at Object.invokeGuardedCallbackDev (http://localhost:3000/node_modules/.vite/deps/chunk-NUMECXU6.js?v=64beea69:3699:24)
[  541132ms] Error: Rendered more hooks than during the previous render.
    at updateWorkInProgressHook (http://localhost:3000/node_modules/.vite/deps/chunk-NUMECXU6.js?v=64beea69:11678:21)
    at updateCallback (http://localhost:3000/node_modules/.vite/deps/chunk-NUMECXU6.js?v=64beea69:12177:22)
    at Object.useCallback (http://localhost:3000/node_modules/.vite/deps/chunk-NUMECXU6.js?v=64beea69:12693:22)
    at useCallback (http://localhost:3000/node_modules/.vite/deps/chunk-RLJ2RCJQ.js?v=64beea69:1090:29)
    at App (http://localhost:3000/src/App.jsx?t=1785268260271:583:20)
    at renderWithHooks (http://localhost:3000/node_modules/.vite/deps/chunk-NUMECXU6.js?v=64beea69:11548:26)
    at updateFunctionComponent (http://localhost:3000/node_modules/.vite/deps/chunk-NUMECXU6.js?v=64beea69:14582:28)
    at beginWork (http://localhost:3000/node_modules/.vite/deps/chunk-NUMECXU6.js?v=64beea69:15924:22)
    at HTMLUnknownElement.callCallback2 (http://localhost:3000/node_modules/.vite/deps/chunk-NUMECXU6.js?v=64beea69:3674:22)
    at Object.invokeGuardedCallbackDev (http://localhost:3000/node_modules/.vite/deps/chunk-NUMECXU6.js?v=64beea69:3699:24)
[  541134ms] [ERROR] The above error occurred in the <App> component:

    at App (http://localhost:3000/src/App.jsx?t=1785268260271:74:16)
    at ErrorBoundary (http://localhost:3000/src/main.jsx?t=1785268260271:12:5)

React will try to recreate this component tree from scratch using the error boundary you provided, ErrorBoundary. @ http://localhost:3000/node_modules/.vite/deps/chunk-NUMECXU6.js?v=64beea69:14031
[  541134ms] [ERROR] Uygulama hatası: Error: Rendered more hooks than during the previous render.
    at updateWorkInProgressHook (http://localhost:3000/node_modules/.vite/deps/chunk-NUMECXU6.js?v=64beea69:11678:21)
    at updateCallback (http://localhost:3000/node_modules/.vite/deps/chunk-NUMECXU6.js?v=64beea69:12177:22)
    at Object.useCallback (http://localhost:3000/node_modules/.vite/deps/chunk-NUMECXU6.js?v=64beea69:12693:22)
    at useCallback (http://localhost:3000/node_modules/.vite/deps/chunk-RLJ2RCJQ.js?v=64beea69:1090:29)
    at App (http://localhost:3000/src/App.jsx?t=1785268260271:583:20)
    at renderWithHooks (http://localhost:3000/node_modules/.vite/deps/chunk-NUMECXU6.js?v=64beea69:11548:26)
    at updateFunctionComponent (http://localhost:3000/node_modules/.vite/deps/chunk-NUMECXU6.js?v=64beea69:14582:28)
    at beginWork (http://localhost:3000/node_modules/.vite/deps/chunk-NUMECXU6.js?v=64beea69:15924:22)
    at beginWork$1 (http://localhost:3000/node_modules/.vite/deps/chunk-NUMECXU6.js?v=64beea69:19753:22)
    at performUnitOfWork (http://localhost:3000/node_modules/.vite/deps/chunk-NUMECXU6.js?v=64beea69:19198:20) {componentStack: 
    at App (http://localhost:3000/src/App.jsx?t=1…localhost:3000/src/main.jsx?t=1785268260271:12:5)} @ http://localhost:3000/src/main.jsx?t=1785268260271:18
[  541960ms] [INFO] %cDownload the React DevTools for a better development experience: https://reactjs.org/link/react-devtools font-weight:bold @ http://localhost:3000/node_modules/.vite/deps/chunk-NUMECXU6.js?v=64beea69:21550
[  542030ms] [WARNING] WebSocket connection to 'ws://localhost:3000/socket.io/?EIO=4&transport=websocket' failed: WebSocket is closed before the connection is established. @ http://localhost:3000/node_modules/.vite/deps/socket__io-client.js?v=64beea69:1499
[  544862ms] [INFO] %cDownload the React DevTools for a better development experience: https://reactjs.org/link/react-devtools font-weight:bold @ http://localhost:3000/node_modules/.vite/deps/chunk-NUMECXU6.js?v=64beea69:21550
[  544910ms] [WARNING] WebSocket connection to 'ws://localhost:3000/socket.io/?EIO=4&transport=websocket' failed: WebSocket is closed before the connection is established. @ http://localhost:3000/node_modules/.vite/deps/socket__io-client.js?v=64beea69:1499
